[dxdesignz.github.io/Travel/index.html]
[backblue.gif]
[fade.gif]
[index.html]
[dxdesignz.github.io/Travel/img/favicon_io/favicon-16x16.png]
[dxdesignz.github.io/Travel/style.css]
[cdn-uicons.flaticon.com/uicons-regular-straight/css/uicons-regular-straight.css]
[cdn-uicons.flaticon.com/uicons-regular-rounded/css/uicons-regular-rounded.css]
[cdn-uicons.flaticon.com/uicons-bold-rounded/css/uicons-bold-rounded.css]
[cdn-uicons.flaticon.com/uicons-solid-rounded/css/uicons-solid-rounded.css]
[cdn-uicons.flaticon.com/uicons-brands/css/uicons-brands.css]
[cdn-uicons.flaticon.com/uicons-solid-straight/css/uicons-solid-straight.css]
[cdn.jsdelivr.net/npm/swiper@10/swiper-bundle.min.css]
[ajax.googleapis.com/ajax/libs/jquery/3.6.4/jquery.min.js]
[unpkg.com/aos@2.3.1/dist/aos.css]
[dxdesignz.github.io/Travel/img/logo.png]
[dxdesignz.github.io/Travel/img/tour.png]
[dxdesignz.github.io/Travel/img/t1.png]
[dxdesignz.github.io/Travel/img/t2.png]
[dxdesignz.github.io/Travel/img/t3.png]
[dxdesignz.github.io/Travel/img/about.jpg]
[dxdesignz.github.io/Travel/img/s1.png]
[dxdesignz.github.io/Travel/img/s2.png]
[dxdesignz.github.io/Travel/img/s3.png]
[cdn.jsdelivr.net/npm/swiper@10/swiper-bundle.min.js]
[dxdesignz.github.io/Travel/style.js]
[dxdesignz.github.io/Travel/jquery-3.6.4.min.js]
[dxdesignz.github.io/Travel/index.html]
[unpkg.com/aos@2.3.1/dist/aos.js]
[dxdesignz.github.io/Travel/img/bac.jpg]
[dxdesignz.github.io/Travel/img/hero.png]
[dxdesignz.github.io/Travel/img/big-bac.jpg]
[dxdesignz.github.io/Travel/img/mobile.jpg]
[dxdesignz.github.io/Travel/style.css]
[cdn-uicons.flaticon.com/uicons-regular-straight/css/uicons-regular-straight.css]
[cdn-uicons.flaticon.com/uicons-regular-rounded/css/uicons-regular-rounded.css]
[cdn-uicons.flaticon.com/uicons-bold-rounded/css/uicons-bold-rounded.css]
[cdn-uicons.flaticon.com/uicons-solid-rounded/css/uicons-solid-rounded.css]
[cdn-uicons.flaticon.com/uicons-brands/css/uicons-brands.css]
[cdn-uicons.flaticon.com/uicons-solid-straight/css/uicons-solid-straight.css]
[cdn.jsdelivr.net/npm/swiper@10/swiper-bundle.min.css]
[unpkg.com/aos@2.3.1/dist/aos.css]
[dxdesignz.github.io/Travel/jquery-3.6.4.min.html]
